[    5174ms] [ERROR] Failed to load resource: the server responded with a status of 500 (Internal Server Error) @ http://localhost:3000/admin:0
[    5352ms] [INFO] %cDownload the React DevTools for a better development experience: https://react.dev/link/react-devtools font-weight:bold @ http://localhost:3000/_next/static/chunks/node_modules_next_dist_1e8vcs8._.js:776
[    5385ms] [LOG] [HMR] connected @ http://localhost:3000/_next/static/chunks/node_modules_next_dist_1e8vcs8._.js:776
[    5441ms] [ERROR] Encountered a script tag while rendering React component. Scripts inside React components are never executed when rendering on the client. Consider using template tag instead (https://developer.mozilla.org/en-US/docs/Web/HTML/Element/template). @ http://localhost:3000/_next/static/chunks/node_modules_next_dist_1e8vcs8._.js:1052
[    5512ms] PrismaClientKnownRequestError: 
Invalid `__TURBOPACK__imported__module__$5b$project$5d2f$src$2f$lib$2f$prisma$2e$ts__$5b$app$2d$rsc$5d$__$28$ecmascript$29$__["prisma"].booking.count()` invocation in
C:\Projects\winston-booking-website\.next\dev\server\chunks\ssr\[root-of-the-server]__0tsa6_9._.js:1443:144

  1440 const weekWindow = (0, __TURBOPACK__imported__module__$5b$project$5d2f$src$2f$lib$2f$business$2d$hours$2e$ts__$5b$app$2d$rsc$5d$__$28$ecmascript$29$__["currentPhWeekWindow"])();
  1441 const twelveMonthsAgoStart = (0, __TURBOPACK__imported__module__$5b$project$5d2f$src$2f$lib$2f$business$2d$hours$2e$ts__$5b$app$2d$rsc$5d$__$28$ecmascript$29$__["phMonthStartUtc"])(11);
  1442 const [bookingsToday, bookingRevenueAgg, membershipPaymentRevenueAgg, membershipTopUpRevenueAgg, pendingApplications, activeMemberships, weekBookings, activeResourceCount, paymentsForRevenue, membershipPaymentsForRevenue, membershipTopUpPaymentsForRevenue, resourceGroupBy, recentBookingsRaw, recentApplicationsRaw] = await Promise.all([
→ 1443     __TURBOPACK__imported__module__$5b$project$5d2f$src$2f$lib$2f$prisma$2e$ts__$5b$app$2d$rsc$5d$__$28$ecmascript$29$__["prisma"].booking.count(
Can't reach database server at `aws-0-ap-southeast-2.pooler.supabase.com:5432`

Please make sure your database server is running at `aws-0-ap-southeast-2.pooler.supabase.com:5432`.
    at Promise.all (<anonymous>:1:20)
    at getDashboardData (about://React/Server/C:%5CProjects%5Cwinston-booking-website%5C.next%5Cdev%5Cserver%5Cchunks%5Cssr%5C%5Broot-of-the-server%5D__0tsa6_9._.js?0:1442:323)
    at AdminPage (about://React/Server/C:%5CProjects%5Cwinston-booking-website%5C.next%5Cdev%5Cserver%5Cchunks%5Cssr%5C%5Broot-of-the-server%5D__0tsa6_9._.js?1:26:18)
    at resolveErrorDev (http://localhost:3000/_next/static/chunks/node_modules_next_dist_compiled_react-server-dom-turbopack_164kp-6._.js:1937:105)
    at processFullStringRow (http://localhost:3000/_next/static/chunks/node_modules_next_dist_compiled_react-server-dom-turbopack_164kp-6._.js:2456:29)
    at processFullBinaryRow (http://localhost:3000/_next/static/chunks/node_modules_next_dist_compiled_react-server-dom-turbopack_164kp-6._.js:2415:9)
    at processBinaryChunk (http://localhost:3000/_next/static/chunks/node_modules_next_dist_compiled_react-server-dom-turbopack_164kp-6._.js:2524:221)
    at progress (http://localhost:3000/_next/static/chunks/node_modules_next_dist_compiled_react-server-dom-turbopack_164kp-6._.js:2711:13)
[   15716ms] [ERROR] Failed to load resource: the server responded with a status of 500 (Internal Server Error) @ http://localhost:3000/admin:0
[   15810ms] [INFO] %cDownload the React DevTools for a better development experience: https://react.dev/link/react-devtools font-weight:bold @ http://localhost:3000/_next/static/chunks/node_modules_next_dist_1e8vcs8._.js:776
[   15833ms] [LOG] [HMR] connected @ http://localhost:3000/_next/static/chunks/node_modules_next_dist_1e8vcs8._.js:776
[   15866ms] PrismaClientKnownRequestError: 
Invalid `__TURBOPACK__imported__module__$5b$project$5d2f$src$2f$lib$2f$prisma$2e$ts__$5b$app$2d$rsc$5d$__$28$ecmascript$29$__["prisma"].adminUser.findUnique()` invocation in
C:\Projects\winston-booking-website\.next\dev\server\chunks\ssr\[root-of-the-server]__0vo5u32._.js:448:166

  445 async function getActiveAdminSession() {
  446     const session = await (0, __TURBOPACK__imported__module__$5b$project$5d2f$auth$2e$ts__$5b$app$2d$rsc$5d$__$28$ecmascript$29$__["auth"])();
  447     if (session?.user?.role !== 'admin') return null;
→ 448     const adminUser = await __TURBOPACK__imported__module__$5b$project$5d2f$src$2f$lib$2f$prisma$2e$ts__$5b$app$2d$rsc$5d$__$28$ecmascript$29$__["prisma"].adminUser.findUnique(
Can't reach database server at `aws-0-ap-southeast-2.pooler.supabase.com:5432`

Please make sure your database server is running at `aws-0-ap-southeast-2.pooler.supabase.com:5432`.
    at  getActiveAdminSession (about://React/Server/C:%5CProjects%5Cwinston-booking-website%5C.next%5Cdev%5Cserver%5Cchunks%5Cssr%5C%5Broot-of-the-server%5D__0vo5u32._.js?2:448:23)
    at  AdminProtectedLayout (about://React/Server/C:%5CProjects%5Cwinston-booking-website%5C.next%5Cdev%5Cserver%5Cchunks%5Cssr%5C%5Broot-of-the-server%5D__0vo5u32._.js?3:158:27)
    at resolveErrorDev (http://localhost:3000/_next/static/chunks/node_modules_next_dist_compiled_react-server-dom-turbopack_164kp-6._.js:1937:105)
    at processFullStringRow (http://localhost:3000/_next/static/chunks/node_modules_next_dist_compiled_react-server-dom-turbopack_164kp-6._.js:2456:29)
    at processFullBinaryRow (http://localhost:3000/_next/static/chunks/node_modules_next_dist_compiled_react-server-dom-turbopack_164kp-6._.js:2415:9)
    at processBinaryChunk (http://localhost:3000/_next/static/chunks/node_modules_next_dist_compiled_react-server-dom-turbopack_164kp-6._.js:2524:221)
    at progress (http://localhost:3000/_next/static/chunks/node_modules_next_dist_compiled_react-server-dom-turbopack_164kp-6._.js:2711:13)
